[p.w3layouts.com/demosWTR/Freedom/12-02-2020/night_club-freedom-demo_Free/396658655/web/index.html]
[backblue.gif]
[fade.gif]
[index.html]
[ajax.googleapis.com/ajax/libs/jquery/1.10.2/jquery.min.js]
[p.w3layouts.com/demosWTR/Freedom/12-02-2020/night_club-freedom-demo_Free/396658655/web/assets/css/style-freedom.css]
[m.servedby-buysellads.com/monetization.js]
[p.w3layouts.com/assests/css/font-awesome.min.css]
[p.w3layouts.com/demosWTR/Freedom/12-02-2020/night_club-freedom-demo_Free/396658655/web/about.html]
[p.w3layouts.com/demosWTR/Freedom/12-02-2020/night_club-freedom-demo_Free/396658655/web/services.html]
[p.w3layouts.com/demosWTR/Freedom/12-02-2020/night_club-freedom-demo_Free/396658655/web/events.html]
[p.w3layouts.com/demosWTR/Freedom/12-02-2020/night_club-freedom-demo_Free/396658655/web/single.html]
[p.w3layouts.com/demosWTR/Freedom/12-02-2020/night_club-freedom-demo_Free/396658655/web/team-single.html]
[p.w3layouts.com/demosWTR/Freedom/12-02-2020/night_club-freedom-demo_Free/396658655/web/gallery.html]
[p.w3layouts.com/demosWTR/Freedom/12-02-2020/night_club-freedom-demo_Free/396658655/web/search-results.html]
[p.w3layouts.com/demosWTR/Freedom/12-02-2020/night_club-freedom-demo_Free/396658655/web/timeline.html]
[p.w3layouts.com/demosWTR/Freedom/12-02-2020/night_club-freedom-demo_Free/396658655/web/faq.html]
[p.w3layouts.com/demosWTR/Freedom/12-02-2020/night_club-freedom-demo_Free/396658655/web/404.html]
[p.w3layouts.com/demosWTR/Freedom/12-02-2020/night_club-freedom-demo_Free/396658655/web/coming-soon.html]
[p.w3layouts.com/demosWTR/Freedom/12-02-2020/night_club-freedom-demo_Free/396658655/web/login.html]
[p.w3layouts.com/demosWTR/Freedom/12-02-2020/night_club-freedom-demo_Free/396658655/web/signup.html]
[p.w3layouts.com/demosWTR/Freedom/12-02-2020/night_club-freedom-demo_Free/396658655/web/email-template.html]
[p.w3layouts.com/demosWTR/Freedom/12-02-2020/night_club-freedom-demo_Free/396658655/web/blog.html]
[p.w3layouts.com/demosWTR/Freedom/12-02-2020/night_club-freedom-demo_Free/396658655/web/blog-single.html]
[p.w3layouts.com/demosWTR/Freedom/12-02-2020/night_club-freedom-demo_Free/396658655/web/blog-single1.html]
[p.w3layouts.com/demosWTR/Freedom/12-02-2020/night_club-freedom-demo_Free/396658655/web/ecommerce.html]
[p.w3layouts.com/demosWTR/Freedom/12-02-2020/night_club-freedom-demo_Free/396658655/web/ecommerce-single.html]
[p.w3layouts.com/demosWTR/Freedom/12-02-2020/night_club-freedom-demo_Free/396658655/web/ecommerce-cart.html]
[p.w3layouts.com/demosWTR/Freedom/12-02-2020/night_club-freedom-demo_Free/396658655/web/contact.html]
[p.w3layouts.com/demosWTR/Freedom/12-02-2020/night_club-freedom-demo_Free/396658655/web/assets/js/jquery-3.3.1.min.js]
[p.w3layouts.com/demosWTR/Freedom/12-02-2020/night_club-freedom-demo_Free/396658655/web/assets/images/e1.jpg]
[p.w3layouts.com/demosWTR/Freedom/12-02-2020/night_club-freedom-demo_Free/396658655/web/assets/images/e2.jpg]
[p.w3layouts.com/demosWTR/Freedom/12-02-2020/night_club-freedom-demo_Free/396658655/web/assets/images/e3.jpg]
[p.w3layouts.com/demosWTR/Freedom/12-02-2020/night_club-freedom-demo_Free/396658655/web/assets/images/e4.jpg]
[p.w3layouts.com/demosWTR/Freedom/12-02-2020/night_club-freedom-demo_Free/396658655/web/assets/images/ts2.jpg]
[p.w3layouts.com/demosWTR/Freedom/12-02-2020/night_club-freedom-demo_Free/396658655/web/assets/images/ts3.jpg]
[p.w3layouts.com/demosWTR/Freedom/12-02-2020/night_club-freedom-demo_Free/396658655/web/assets/images/ts4.jpg]
[p.w3layouts.com/demosWTR/Freedom/12-02-2020/night_club-freedom-demo_Free/396658655/web/assets/images/e5.jpg]
[p.w3layouts.com/demosWTR/Freedom/12-02-2020/night_club-freedom-demo_Free/396658655/web/assets/images/e6.jpg]
[p.w3layouts.com/demosWTR/Freedom/12-02-2020/night_club-freedom-demo_Free/396658655/web/assets/images/e7.jpg]
[p.w3layouts.com/demosWTR/Freedom/12-02-2020/night_club-freedom-demo_Free/396658655/web/assets/images/e8.jpg]
[p.w3layouts.com/demosWTR/Freedom/12-02-2020/night_club-freedom-demo_Free/396658655/web/assets/images/e9.jpg]
[p.w3layouts.com/demosWTR/Freedom/12-02-2020/night_club-freedom-demo_Free/396658655/web/assets/images/e10.jpg]
[p.w3layouts.com/cdn-cgi/scripts/5c5dd728/cloudflare-static/email-decode.min.js]
[p.w3layouts.com/cdn-cgi/challenge-platform/scripts/invisible.js]
[p.w3layouts.com/demosWTR/Freedom/12-02-2020/night_club-freedom-demo_Free/396658655/web/index.html]
[p.w3layouts.com/cdn-cgi/challenge-platform/h/g/scripts/jsd/313d8a27/invisible.js]
[p.w3layouts.com/demosWTR/Freedom/12-02-2020/night_club-freedom-demo_Free/396658655/web/assets/fonts/fontawesome-webfont3e6e.eot]
[p.w3layouts.com/demosWTR/Freedom/12-02-2020/night_club-freedom-demo_Free/396658655/web/assets/fonts/fontawesome-webfontd41d.eot]
[p.w3layouts.com/demosWTR/Freedom/12-02-2020/night_club-freedom-demo_Free/396658655/web/assets/fonts/fontawesome-webfont3e6e.woff2]
[p.w3layouts.com/demosWTR/Freedom/12-02-2020/night_club-freedom-demo_Free/396658655/web/assets/fonts/fontawesome-webfont3e6e.woff]
[p.w3layouts.com/demosWTR/Freedom/12-02-2020/night_club-freedom-demo_Free/396658655/web/assets/fonts/fontawesome-webfont3e6e.ttf]
[p.w3layouts.com/demosWTR/Freedom/12-02-2020/night_club-freedom-demo_Free/396658655/web/assets/fonts/fontawesome-webfont3e6e.svg]
[p.w3layouts.com/demosWTR/Freedom/12-02-2020/night_club-freedom-demo_Free/396658655/web/assets/images/banner-2.jpg]
[p.w3layouts.com/demosWTR/Freedom/12-02-2020/night_club-freedom-demo_Free/396658655/web/assets/images/banner-3.jpg]
[p.w3layouts.com/demosWTR/Freedom/12-02-2020/night_club-freedom-demo_Free/396658655/web/assets/images/banner.jpg]
[p.w3layouts.com/demosWTR/Freedom/12-02-2020/night_club-freedom-demo_Free/396658655/web/assets/images/banner-1.jpg]
[p.w3layouts.com/demosWTR/Freedom/12-02-2020/night_club-freedom-demo_Free/396658655/web/assets/images/banner-4.jpg]
[p.w3layouts.com/demosWTR/Freedom/12-02-2020/night_club-freedom-demo_Free/396658655/web/assets/css/style-freedom.css]
[p.w3layouts.com/assests/css/font-awesome.min.css]
[p.w3layouts.com/demosWTR/Freedom/12-02-2020/night_club-freedom-demo_Free/396658655/web/assets/images/e13.jpg]
[p.w3layouts.com/demosWTR/Freedom/12-02-2020/night_club-freedom-demo_Free/396658655/web/gallery-single.html]
[p.w3layouts.com/demosWTR/Freedom/12-02-2020/night_club-freedom-demo_Free/396658655/web/assets/images/te1.jpg]
[p.w3layouts.com/demosWTR/Freedom/12-02-2020/night_club-freedom-demo_Free/396658655/web/assets/images/te2.jpg]
[p.w3layouts.com/demosWTR/Freedom/12-02-2020/night_club-freedom-demo_Free/396658655/web/assets/images/te3.jpg]
[p.w3layouts.com/demosWTR/Freedom/12-02-2020/night_club-freedom-demo_Free/396658655/web/assets/images/te4.jpg]
[p.w3layouts.com/demosWTR/Freedom/12-02-2020/night_club-freedom-demo_Free/396658655/web/about.html]
[p.w3layouts.com/demosWTR/Freedom/12-02-2020/night_club-freedom-demo_Free/396658655/web/services.html]
[p.w3layouts.com/demosWTR/Freedom/12-02-2020/night_club-freedom-demo_Free/396658655/web/assets/images/e12.jpg]
[p.w3layouts.com/demosWTR/Freedom/12-02-2020/night_club-freedom-demo_Free/396658655/web/events.html]
[p.w3layouts.com/demosWTR/Freedom/12-02-2020/night_club-freedom-demo_Free/396658655/web/assets/images/e11.jpg]
[p.w3layouts.com/demosWTR/Freedom/12-02-2020/night_club-freedom-demo_Free/396658655/web/single.html]
[p.w3layouts.com/demosWTR/Freedom/12-02-2020/night_club-freedom-demo_Free/396658655/web/assets/images/te-1.jpg]
[p.w3layouts.com/demosWTR/Freedom/12-02-2020/night_club-freedom-demo_Free/396658655/web/team-single.html]
[p.w3layouts.com/demosWTR/Freedom/12-02-2020/night_club-freedom-demo_Free/396658655/web/gallery.html]
[p.w3layouts.com/demosWTR/Freedom/12-02-2020/night_club-freedom-demo_Free/396658655/web/search-results.html]
[p.w3layouts.com/demosWTR/Freedom/12-02-2020/night_club-freedom-demo_Free/396658655/web/timeline.html]
[p.w3layouts.com/demosWTR/Freedom/12-02-2020/night_club-freedom-demo_Free/396658655/web/faq.html]
[p.w3layouts.com/demosWTR/Freedom/12-02-2020/night_club-freedom-demo_Free/396658655/web/404.html]
[p.w3layouts.com/demosWTR/Freedom/12-02-2020/night_club-freedom-demo_Free/396658655/web/coming-soon.html]
[p.w3layouts.com/demosWTR/Freedom/12-02-2020/night_club-freedom-demo_Free/396658655/web/login.html]
[p.w3layouts.com/demosWTR/Freedom/12-02-2020/night_club-freedom-demo_Free/396658655/web/signup.html]
[p.w3layouts.com/demosWTR/Freedom/12-02-2020/night_club-freedom-demo_Free/396658655/web/assets/images/s4.jpg]
[p.w3layouts.com/demosWTR/Freedom/12-02-2020/night_club-freedom-demo_Free/396658655/web/assets/images/s2.jpg]
[p.w3layouts.com/demosWTR/Freedom/12-02-2020/night_club-freedom-demo_Free/396658655/web/assets/images/s3.jpg]
[p.w3layouts.com/demosWTR/Freedom/12-02-2020/night_club-freedom-demo_Free/396658655/web/assets/images/s1.jpg]
[p.w3layouts.com/demosWTR/Freedom/12-02-2020/night_club-freedom-demo_Free/396658655/web/assets/images/te-2.jpg]
[p.w3layouts.com/demosWTR/Freedom/12-02-2020/night_club-freedom-demo_Free/396658655/web/email-template.html]
[p.w3layouts.com/demosWTR/Freedom/12-02-2020/night_club-freedom-demo_Free/396658655/web/blog.html]
[p.w3layouts.com/demosWTR/Freedom/12-02-2020/night_club-freedom-demo_Free/396658655/web/blog-single.html]
[p.w3layouts.com/demosWTR/Freedom/12-02-2020/night_club-freedom-demo_Free/396658655/web/blog-single1.html]
[p.w3layouts.com/demosWTR/Freedom/12-02-2020/night_club-freedom-demo_Free/396658655/web/assets/images/p1.jpg]
[p.w3layouts.com/demosWTR/Freedom/12-02-2020/night_club-freedom-demo_Free/396658655/web/assets/images/p2.jpg]
[p.w3layouts.com/demosWTR/Freedom/12-02-2020/night_club-freedom-demo_Free/396658655/web/assets/images/p3.jpg]
[p.w3layouts.com/demosWTR/Freedom/12-02-2020/night_club-freedom-demo_Free/396658655/web/assets/images/p4.jpg]
[p.w3layouts.com/demosWTR/Freedom/12-02-2020/night_club-freedom-demo_Free/396658655/web/assets/images/p5.jpg]
[p.w3layouts.com/demosWTR/Freedom/12-02-2020/night_club-freedom-demo_Free/396658655/web/assets/images/p6.jpg]
[p.w3layouts.com/demosWTR/Freedom/12-02-2020/night_club-freedom-demo_Free/396658655/web/assets/images/p7.jpg]
[p.w3layouts.com/demosWTR/Freedom/12-02-2020/night_club-freedom-demo_Free/396658655/web/assets/images/p8.jpg]
[p.w3layouts.com/demosWTR/Freedom/12-02-2020/night_club-freedom-demo_Free/396658655/web/assets/images/p9.jpg]
[p.w3layouts.com/demosWTR/Freedom/12-02-2020/night_club-freedom-demo_Free/396658655/web/ecommerce.html]
[p.w3layouts.com/demosWTR/Freedom/12-02-2020/night_club-freedom-demo_Free/396658655/web/ecommerce-single.html]
[p.w3layouts.com/demosWTR/Freedom/12-02-2020/night_club-freedom-demo_Free/396658655/web/ecommerce-cart.html]
[p.w3layouts.com/demosWTR/Freedom/12-02-2020/night_club-freedom-demo_Free/396658655/web/contact.html]
[p.w3layouts.com/demosWTR/Freedom/12-02-2020/night_club-freedom-demo_Free/396658655/web/assets/fonts/fontawesome-webfont3e6e.svg]
[p.w3layouts.com/demosWTR/Freedom/12-02-2020/night_club-freedom-demo_Free/396658655/web/gallery-single.html]
[codefund.io/properties/441/funder.js]
